# Logfile created on Fri Sep 12 08:32:12 -0400 2008 by /
